// Jest Snapshot v1, https://goo.gl/fbAQLP

exports[`Card test renders same UI 1`] = `
<div
  className="Card"
>
  <button
    type="button"
  >
    delete
  </button>
  <h3>
    sample title
  </h3>
  <p>
    sample content
  </p>
</div>
`;
